
> koda-admin@0.1.0 build
> tsc && vite build

src/pages/SavingsGroupsPage.tsx(24,12): error TS6133: 'isJoinModalOpen' is declared but its value is never read.
src/pages/SavingsGroupsPage.tsx(42,11): error TS6133: 'handleJoinRequest' is declared but its value is never read.
