src/components/SavingsGroupDetails.tsx(40,9): error TS6133: 'distributeInterest' is declared but its value is never read.
