src/pages/SuperAdminDashboard.tsx(182,10): error TS17008: JSX element 'div' has no corresponding closing tag.
src/pages/SuperAdminDashboard.tsx(591,1): error TS1381: Unexpected token. Did you mean `{'}'}` or `&rbrace;`?
src/pages/SuperAdminDashboard.tsx(592,1): error TS1005: '</' expected.
